
> aetherhex-portfolio@0.0.0 build
> vite build

vite v8.0.13 building client environment for production...
[2Ktransforming...✓ 5697 modules transformed.
rendering chunks...
computing gzip size...
dist/index.html                                     2.17 kB │ gzip:   0.75 kB
dist/assets/index-DHKaRhml.css                     35.38 kB │ gzip:   6.94 kB
dist/assets/AdminLogin-DhLJlQL8.js                  2.90 kB │ gzip:   1.20 kB
dist/assets/AdminFrame-CLv6LN0J.js                 16.26 kB │ gzip:   4.38 kB
dist/assets/GlobeHemisphereWest.es-6EiY7H1D.js     19.20 kB │ gzip:   5.55 kB
dist/assets/AdminPage-CChVR4BX.js                 444.69 kB │ gzip: 125.57 kB
dist/assets/index-BPTT2O7E.js                   1,314.89 kB │ gzip: 377.57 kB

[plugin builtin:vite-reporter] 
(!) Some chunks are larger than 500 kB after minification. Consider:
- Using dynamic import() to code-split the application
- Use build.rolldownOptions.output.codeSplitting to improve chunking: https://rolldown.rs/reference/OutputOptions.codeSplitting
- Adjust chunk size limit for this warning via build.chunkSizeWarningLimit.
✗ Build failed in 726ms
error during build:
Build failed with 1 error:

Error: [vite]: Rolldown failed to resolve import "animejs" from "/Users/oscaralfredoperezlara/aetherhex-portfolio/src/sections/Exhibicion.jsx".
This is most likely unintended because it can break your application at runtime.
If you do want to externalize this module explicitly add it to
`build.rolldownOptions.external`
    at viteLog (file:///Users/oscaralfredoperezlara/aetherhex-portfolio/node_modules/vite/dist/node/chunks/node.js:33226:57)
    at file:///Users/oscaralfredoperezlara/aetherhex-portfolio/node_modules/vite/dist/node/chunks/node.js:33262:71
    at onwarn (file:///Users/oscaralfredoperezlara/aetherhex-portfolio/node_modules/@vitejs/plugin-react/dist/index.js:40:7)
    at file:///Users/oscaralfredoperezlara/aetherhex-portfolio/node_modules/vite/dist/node/chunks/node.js:33262:28
    at onRollupLog (file:///Users/oscaralfredoperezlara/aetherhex-portfolio/node_modules/vite/dist/node/chunks/node.js:33257:63)
    at onLog (file:///Users/oscaralfredoperezlara/aetherhex-portfolio/node_modules/vite/dist/node/chunks/node.js:33026:4)
    at file:///Users/oscaralfredoperezlara/aetherhex-portfolio/node_modules/rolldown/dist/shared/rolldown-build-BVD3dIdE.mjs:50:26
    at logger (file:///Users/oscaralfredoperezlara/aetherhex-portfolio/node_modules/rolldown/dist/shared/rolldown-build-BVD3dIdE.mjs:41:3)
    at onLog (file:///Users/oscaralfredoperezlara/aetherhex-portfolio/node_modules/rolldown/dist/shared/bindingify-input-options-BnfFBV6b.mjs:2013:32)
    at aggregateBindingErrorsIntoJsError (file:///Users/oscaralfredoperezlara/aetherhex-portfolio/node_modules/rolldown/dist/shared/error-CkdMJ9ps.mjs:48:18)
    at unwrapBindingResult (file:///Users/oscaralfredoperezlara/aetherhex-portfolio/node_modules/rolldown/dist/shared/error-CkdMJ9ps.mjs:18:128)
    at #build (file:///Users/oscaralfredoperezlara/aetherhex-portfolio/node_modules/rolldown/dist/shared/rolldown-build-BVD3dIdE.mjs:3275:34)
    at async buildEnvironment (file:///Users/oscaralfredoperezlara/aetherhex-portfolio/node_modules/vite/dist/node/chunks/node.js:33133:64)
    at async Object.build (file:///Users/oscaralfredoperezlara/aetherhex-portfolio/node_modules/vite/dist/node/chunks/node.js:33555:19)
    at async Object.buildApp (file:///Users/oscaralfredoperezlara/aetherhex-portfolio/node_modules/vite/dist/node/chunks/node.js:33552:153)
    at async CAC.<anonymous> (file:///Users/oscaralfredoperezlara/aetherhex-portfolio/node_modules/vite/dist/node/cli.js:777:3) {
  errors: [Getter/Setter]
}
